[{"severity":"ERROR","code":"MQL-SYN-0001","message":"Expected tag identifier","help":"Check SQL clause order: WITH ... SELECT ... FROM ... WHERE ... ORDER BY ... LIMIT ... TO ...","doc_ref":"docs/book/appendix-grammar.md","span":{"start_line":1,"start_col":8,"end_line":1,"end_col":9,"byte_start":7,"byte_end":8},"snippet":" --> line 1, col 8\n  |\n1 | SELECT FROM doc\n  |        ^","related":[]}]
