{"summary":{"parse_succeeded":false,"coverage":"parse_only","relation_style_query":false,"used_reduced_validation":false,"status":"parse_failed","message":"Query parsing failed before full lint validation could run.","coverage_note":"No semantic validation ran after parsing.","error_count":1,"warning_count":0,"note_count":0},"diagnostics":[{"severity":"ERROR","code":"MQL-SYN-0001","message":"Missing projection after SELECT","help":"Add a tag, self, *, or a projection expression after SELECT.","doc_ref":"docs/book/appendix-grammar.md","span":{"start_line":1,"start_col":8,"end_line":1,"end_col":9,"byte_start":7,"byte_end":8},"snippet":" --> line 1, col 8\n  |\n1 | SELECT FROM doc\n  |        ^","related":[],"category":"parse","why":"SELECT must contain at least one projection before FROM in MarkQL.","example":"SELECT div FROM doc","expected":"projection after SELECT","encountered":"FROM"}]}
